2025-11-27 15:22:34,671 - serin_ai - INFO - qdrant_memory_system.py:48 - 🚀 Initializing Qdrant Memory System
2025-11-27 15:22:34,671 - serin_ai - INFO - qdrant_memory_system.py:57 - ✅ Qdrant client connected to localhost:6333
2025-11-27 15:22:38,227 - serin_ai - INFO - qdrant_memory_system.py:69 - ✅ Sentence transformers embedding model loaded
2025-11-27 15:22:38,552 - serin_ai - INFO - qdrant_memory_system.py:80 - ✅ BM25 index initialized
2025-11-27 15:22:38,679 - serin_ai - INFO - qdrant_memory_system.py:214 - ✅ Existing memories collection found
2025-11-27 15:22:38,679 - serin_ai - INFO - qdrant_memory_system.py:102 - ✅ Qdrant Memory System ready
2025-11-27 15:22:38,821 - serin_ai - INFO - qdrant_memory_system.py:48 - 🚀 Initializing Qdrant Memory System
2025-11-27 15:22:38,821 - serin_ai - INFO - qdrant_memory_system.py:57 - ✅ Qdrant client connected to localhost:6333
2025-11-27 15:22:42,379 - serin_ai - INFO - qdrant_memory_system.py:69 - ✅ Sentence transformers embedding model loaded
2025-11-27 15:22:42,379 - serin_ai - INFO - qdrant_memory_system.py:80 - ✅ BM25 index initialized
2025-11-27 15:22:42,380 - serin_ai - INFO - qdrant_memory_system.py:214 - ✅ Existing memories collection found
2025-11-27 15:22:42,380 - serin_ai - INFO - qdrant_memory_system.py:102 - ✅ Qdrant Memory System ready
2025-11-27 15:22:42,380 - serin_ai - INFO - qdrant_memory_system.py:48 - 🚀 Initializing Qdrant Memory System
2025-11-27 15:22:42,380 - serin_ai - INFO - qdrant_memory_system.py:57 - ✅ Qdrant client connected to localhost:6333
2025-11-27 15:22:42,380 - serin_ai - INFO - qdrant_memory_system.py:69 - ✅ Sentence transformers embedding model loaded
2025-11-27 15:22:42,381 - serin_ai - INFO - qdrant_memory_system.py:80 - ✅ BM25 index initialized
2025-11-27 15:22:42,381 - serin_ai - INFO - qdrant_memory_system.py:214 - ✅ Existing memories collection found
2025-11-27 15:22:42,381 - serin_ai - INFO - qdrant_memory_system.py:102 - ✅ Qdrant Memory System ready
2025-11-27 15:22:42,382 - serin_ai - INFO - thinking_filter.py:45 - ✅ Thinking filter initialized
2025-11-27 15:22:42,382 - serin_ai - ERROR - qdrant_memory_system.py:392 - ❌ Error generating embeddings: 'list' object has no attribute 'tolist'
2025-11-27 15:22:42,522 - serin_ai - ERROR - qdrant_memory_system.py:392 - ❌ Error generating embeddings: 'list' object has no attribute 'tolist'
2025-11-27 15:22:42,632 - serin_ai - INFO - qdrant_memory_system.py:48 - 🚀 Initializing Qdrant Memory System
2025-11-27 15:22:42,632 - serin_ai - INFO - qdrant_memory_system.py:57 - ✅ Qdrant client connected to localhost:6333
2025-11-27 15:22:42,632 - serin_ai - INFO - qdrant_memory_system.py:69 - ✅ Sentence transformers embedding model loaded
2025-11-27 15:22:42,632 - serin_ai - INFO - qdrant_memory_system.py:80 - ✅ BM25 index initialized
2025-11-27 15:22:42,633 - serin_ai - INFO - qdrant_memory_system.py:214 - ✅ Existing memories collection found
2025-11-27 15:22:42,633 - serin_ai - INFO - qdrant_memory_system.py:102 - ✅ Qdrant Memory System ready
2025-11-27 15:22:42,633 - serin_ai - ERROR - qdrant_memory_system.py:392 - ❌ Error generating embeddings: 'list' object has no attribute 'tolist'
2025-11-27 15:22:42,739 - serin_ai - ERROR - qdrant_memory_system.py:392 - ❌ Error generating embeddings: 'list' object has no attribute 'tolist'
2025-11-27 15:22:42,772 - serin_ai - ERROR - qdrant_memory_system.py:392 - ❌ Error generating embeddings: 'list' object has no attribute 'tolist'
2025-11-27 15:22:42,830 - serin_ai - ERROR - qdrant_memory_system.py:392 - ❌ Error generating embeddings: 'list' object has no attribute 'tolist'
2025-11-27 15:22:42,889 - serin_ai - ERROR - qdrant_memory_system.py:392 - ❌ Error generating embeddings: 'list' object has no attribute 'tolist'
2025-11-27 15:22:42,932 - serin_ai - ERROR - qdrant_memory_system.py:479 - ❌ Error in vector search: 'list' object has no attribute 'tolist'
2025-11-27 15:22:42,932 - serin_ai - ERROR - qdrant_memory_system.py:457 - ❌ Error in BM25 search: database disk image is malformed
2025-11-27 15:22:42,932 - serin_ai - ERROR - qdrant_memory_system.py:479 - ❌ Error in vector search: 'list' object has no attribute 'tolist'
Traceback (most recent call last):
  File "/home/user1/Work/Serin/test_qdrant_migration.py", line 167, in run_test
    test_func()
  File "/home/user1/Work/Serin/test_qdrant_migration.py", line 351, in test_memory_search
    assert len(results) > 0
           ^^^^^^^^^^^^^^^^
AssertionError
2025-11-27 15:22:43,003 - serin_ai - INFO - qdrant_memory_system.py:48 - 🚀 Initializing Qdrant Memory System
2025-11-27 15:22:43,003 - serin_ai - INFO - qdrant_memory_system.py:57 - ✅ Qdrant client connected to localhost:6333
2025-11-27 15:22:46,454 - serin_ai - INFO - qdrant_memory_system.py:69 - ✅ Sentence transformers embedding model loaded
2025-11-27 15:22:46,455 - serin_ai - INFO - qdrant_memory_system.py:80 - ✅ BM25 index initialized
2025-11-27 15:22:46,455 - serin_ai - INFO - qdrant_memory_system.py:214 - ✅ Existing memories collection found
2025-11-27 15:22:46,456 - serin_ai - INFO - qdrant_memory_system.py:102 - ✅ Qdrant Memory System ready
Traceback (most recent call last):
  File "/home/user1/Work/Serin/test_qdrant_migration.py", line 167, in run_test
    test_func()
  File "/home/user1/Work/Serin/test_qdrant_migration.py", line 399, in test_bm25_index
    bm25_path = os.path.join(self.test_dir, f"bm25_index_{uuid.uuid4().hex}.db")
                                                          ^^^^
NameError: name 'uuid' is not defined. Did you forget to import 'uuid'
2025-11-27 15:22:46,611 - serin_ai - INFO - qdrant_memory_system.py:48 - 🚀 Initializing Qdrant Memory System
2025-11-27 15:22:46,611 - serin_ai - INFO - qdrant_memory_system.py:57 - ✅ Qdrant client connected to localhost:6333
2025-11-27 15:22:50,320 - serin_ai - INFO - qdrant_memory_system.py:69 - ✅ Sentence transformers embedding model loaded
2025-11-27 15:22:50,321 - serin_ai - INFO - qdrant_memory_system.py:80 - ✅ BM25 index initialized
2025-11-27 15:22:50,321 - serin_ai - INFO - qdrant_memory_system.py:214 - ✅ Existing memories collection found
2025-11-27 15:22:50,322 - serin_ai - INFO - qdrant_memory_system.py:102 - ✅ Qdrant Memory System ready
2025-11-27 15:22:50,919 - serin_ai - ERROR - qdrant_memory_system.py:847 - ❌ Error cleaning memories: 2 validation errors for Range
lt
  Input should be a valid number, unable to parse string as a number [type=float_parsing, input_value='2025-11-26T15:22:50.919781', input_type=str]
    For further information visit https://errors.pydantic.dev/2.12/v/float_parsing
key
  Extra inputs are not permitted [type=extra_forbidden, input_value='timestamp', input_type=str]
    For further information visit https://errors.pydantic.dev/2.12/v/extra_forbidden
2025-11-27 15:22:51,070 - serin_ai - INFO - qdrant_memory_system.py:48 - 🚀 Initializing Qdrant Memory System
2025-11-27 15:22:51,070 - serin_ai - INFO - qdrant_memory_system.py:57 - ✅ Qdrant client connected to localhost:6333
2025-11-27 15:22:54,995 - serin_ai - INFO - qdrant_memory_system.py:69 - ✅ Sentence transformers embedding model loaded
2025-11-27 15:22:54,996 - serin_ai - INFO - qdrant_memory_system.py:80 - ✅ BM25 index initialized
2025-11-27 15:22:54,997 - serin_ai - INFO - qdrant_memory_system.py:214 - ✅ Existing memories collection found
2025-11-27 15:22:54,997 - serin_ai - INFO - qdrant_memory_system.py:102 - ✅ Qdrant Memory System ready
Traceback (most recent call last):
  File "/home/user1/Work/Serin/test_qdrant_migration.py", line 167, in run_test
    test_func()
  File "/home/user1/Work/Serin/test_qdrant_migration.py", line 503, in test_stats_and_monitoring
    assert updated_stats['total_memories'] >= 1
           ^^^^^^^^^^^^^^^^^^^^^^^^^^^^^^^^^^^^
AssertionError
2025-11-27 15:22:55,239 - serin_ai - INFO - qdrant_memory_system.py:48 - 🚀 Initializing Qdrant Memory System
2025-11-27 15:22:55,240 - serin_ai - INFO - qdrant_memory_system.py:57 - ✅ Qdrant client connected to localhost:6333
2025-11-27 15:22:58,683 - serin_ai - INFO - qdrant_memory_system.py:69 - ✅ Sentence transformers embedding model loaded
2025-11-27 15:22:58,683 - serin_ai - INFO - qdrant_memory_system.py:80 - ✅ BM25 index initialized
2025-11-27 15:22:58,684 - serin_ai - INFO - qdrant_memory_system.py:214 - ✅ Existing memories collection found
2025-11-27 15:22:58,684 - serin_ai - INFO - qdrant_memory_system.py:102 - ✅ Qdrant Memory System ready
2025-11-27 15:22:58,791 - serin_ai - ERROR - qdrant_memory_system.py:457 - ❌ Error in BM25 search: fts5: syntax error near ""
🧪 Testing in temporary directory: /tmp/tmp74qldgpm
🧪 Starting Qdrant Migration Test Suite
==================================================

🔬 Running test: Memory System Initialization
✅ Memory System Initialization - PASSED

🔬 Running test: SQLite Schema
✅ SQLite Schema - PASSED

🔬 Running test: Memory Addition
✅ Memory Addition - PASSED

🔬 Running test: Memory Search
❌ Memory Search - FAILED: 

🔬 Running test: User Management
✅ User Management - PASSED

🔬 Running test: BM25 Index
❌ BM25 Index - FAILED: name 'uuid' is not defined

🔬 Running test: Memory Cleanup
✅ Memory Cleanup - PASSED

🔬 Running test: Stats and Monitoring
❌ Stats and Monitoring - FAILED: 

🔬 Running test: Error Handling
✅ Error Handling - PASSED

==================================================
📊 Test Results Summary
==================================================
Total tests: 9
Passed: 6
Failed: 3
Success rate: 66.7%
❌ 3 test(s) failed
